<?xml version="1.0" encoding="utf-8"?><testsuites><testsuite name="pytest" errors="0" failures="6" skipped="0" tests="356" time="101.680" timestamp="2026-08-24T18:59:46.648369+05:30" hostname="MacBook-Air-5.local"><testcase classname="tests.test_access" name="test_creator_becomes_owner" time="3.705" /><testcase classname="tests.test_access" name="test_demographics_are_encrypted_at_rest" time="0.221" /><testcase classname="tests.test_access" name="test_one_account_can_hold_several_patients" time="0.250" /><testcase classname="tests.test_access" name="test_patients_are_isolated_from_each_other" time="0.573" /><testcase classname="tests.test_access" name="test_owner_can_edit_demographics" time="0.242" /><testcase classname="tests.test_access" name="test_a_field_can_be_cleared_once_set" time="0.225" /><testcase classname="tests.test_access" name="test_a_field_left_out_is_not_touched" time="0.233" /><testcase classname="tests.test_access" name="test_editing_demographics_needs_ownership" time="0.406" /><testcase classname="tests.test_access" name="test_a_future_date_of_birth_is_still_rejected_on_edit" time="0.212" /><testcase classname="tests.test_access" name="test_a_patient_you_cannot_reach_is_404_not_403" time="0.399" /><testcase classname="tests.test_access" name="test_documents_of_an_unreachable_patient_are_404" time="0.749" /><testcase classname="tests.test_access" name="test_role_matrix[viewer-True-False-False-False]" time="0.842" /><testcase classname="tests.test_access" name="test_role_matrix[nurse-True-True-False-False]" time="0.824" /><testcase classname="tests.test_access" name="test_role_matrix[clinician-True-True-True-False]" time="0.808" /><testcase classname="tests.test_access" name="test_role_matrix[owner-True-True-True-True]" time="0.852" /><testcase classname="tests.test_access" name="test_a_nurse_cannot_confirm_a_mapping" time="0.917" /><testcase classname="tests.test_access" name="test_granting_then_revoking_removes_reach" time="0.435" /><testcase classname="tests.test_access" name="test_revoking_keeps_the_record_of_the_grant" time="0.429" /><testcase classname="tests.test_access" name="test_the_last_owner_cannot_be_revoked" time="0.227" /><testcase classname="tests.test_access" name="test_the_last_owner_cannot_be_demoted_either" time="0.439" /><testcase classname="tests.test_access" name="test_you_cannot_grant_access_to_yourself" time="0.228" /><testcase classname="tests.test_access" name="test_every_record_keeps_a_live_owner" time="0.424" /><testcase classname="tests.test_access" name="test_granting_to_an_unknown_email_does_not_confirm_the_account" time="0.222" /><testcase classname="tests.test_access" name="test_a_non_owner_cannot_grant_access" time="0.584" /><testcase classname="tests.test_access" name="test_two_clinicians_share_one_patient" time="0.756" /><testcase classname="tests.test_account" name="test_a_password_can_finally_be_changed" time="0.902" /><testcase classname="tests.test_account" name="test_changing_it_needs_the_old_one" time="0.574" /><testcase classname="tests.test_account" name="test_a_google_account_can_set_its_first_password" time="0.575" /><testcase classname="tests.test_account" name="test_changing_it_signs_other_devices_out_but_not_this_one" time="0.735" /><testcase classname="tests.test_account" name="test_a_short_password_is_refused" time="0.220" /><testcase classname="tests.test_account" name="test_a_replayed_refresh_token_ends_the_session" time="0.250" /><testcase classname="tests.test_account" name="test_an_ordinary_expired_cookie_is_not_treated_as_theft" time="0.221" /><testcase classname="tests.test_account" name="test_ownership_can_be_handed_over" time="0.444" /><testcase classname="tests.test_account" name="test_the_record_is_never_ownerless_during_a_transfer" time="0.431" /><testcase classname="tests.test_account" name="test_transferring_to_a_stranger_is_404" time="0.220" /><testcase classname="tests.test_account" name="test_only_an_owner_can_transfer" time="0.584" /><testcase classname="tests.test_account" name="test_a_record_exports_with_its_provenance" time="0.619" /><testcase classname="tests.test_account" name="test_only_an_owner_may_export_a_record" time="0.406" /><testcase classname="tests.test_account" name="test_the_account_export_excludes_other_peoples_records" time="0.403" /><testcase classname="tests.test_account" name="test_deleting_an_account_takes_its_records_with_it" time="0.921" /><testcase classname="tests.test_account" name="test_deleting_needs_the_password" time="0.389" /><testcase classname="tests.test_account" name="test_you_cannot_delete_a_record_out_from_under_a_colleague" time="0.589" /><testcase classname="tests.test_account" name="test_after_transferring_the_account_can_be_deleted" time="0.603" /><testcase classname="tests.test_account" name="test_the_audit_trail_survives_the_account" time="0.617" /><testcase classname="tests.test_aliases" name="test_confirmed_mappings_can_finally_be_listed" time="0.665" /><testcase classname="tests.test_aliases" name="test_the_list_is_scoped_to_the_account" time="0.808" /><testcase classname="tests.test_aliases" name="test_correcting_an_alias_repairs_what_it_wrote" time="0.677" /><testcase classname="tests.test_aliases" name="test_correcting_recomputes_units_and_ranges" time="0.628" /><testcase classname="tests.test_aliases" name="test_correcting_to_an_unknown_code_is_refused" time="0.636" /><testcase classname="tests.test_aliases" name="test_another_accounts_alias_is_404" time="0.839" /><testcase classname="tests.test_aliases" name="test_forgetting_sends_the_rows_back_for_review" time="0.663" /><testcase classname="tests.test_aliases" name="test_forgetting_really_forgets" time="0.637" /><testcase classname="tests.test_audit" name="test_every_clinical_route_leaves_a_trace" time="0.672" /><testcase classname="tests.test_audit" name="test_upload_and_delete_are_recorded" time="0.527" /><testcase classname="tests.test_audit" name="test_downloading_the_pdf_is_recorded_distinctly" time="0.534" /><testcase classname="tests.test_audit" name="test_confirming_a_mapping_is_recorded" time="0.642" /><testcase classname="tests.test_audit" name="test_sign_in_and_failed_sign_in_are_both_recorded" time="0.562" /><testcase classname="tests.test_audit" name="test_the_log_holds_no_clinical_content" time="0.511" /><testcase classname="tests.test_audit" name="test_trail_is_scoped_to_the_caller" time="0.764" /><testcase classname="tests.test_audit" name="test_trail_requires_auth" time="0.027" /><testcase classname="tests.test_audit" name="test_trail_is_newest_first" time="0.562" /><testcase classname="tests.test_audit" name="test_no_route_can_alter_the_log" time="0.216" /><testcase classname="tests.test_auth" name="test_register_returns_access_token_and_refresh_cookie" time="0.218" /><testcase classname="tests.test_auth" name="test_duplicate_email_rejected" time="0.220" /><testcase classname="tests.test_auth" name="test_short_password_rejected" time="0.071" /><testcase classname="tests.test_auth" name="test_login_wrong_password_is_401" time="0.389" /><testcase classname="tests.test_auth" name="test_login_unknown_email_gives_same_error_as_wrong_password" time="0.213" /><testcase classname="tests.test_auth" name="test_me_requires_token" time="0.027" /><testcase classname="tests.test_auth" name="test_me_with_token" time="0.211" /><testcase classname="tests.test_auth" name="test_expired_token_is_401_not_403" time="0.227" /><testcase classname="tests.test_auth" name="test_token_signed_with_another_secret_is_403" time="0.218" /><testcase classname="tests.test_auth" name="test_token_without_labledger_audience_is_rejected" time="0.213" /><testcase classname="tests.test_auth" name="test_refresh_rotates_and_old_token_stops_working" time="0.232" /><testcase classname="tests.test_auth" name="test_logout_invalidates_refresh" time="0.222" /><testcase classname="tests.test_auth" name="test_dob_is_encrypted_at_rest" time="0.221" /><testcase classname="tests.test_auth" name="test_future_dob_rejected" time="0.219" /><testcase classname="tests.test_auth" name="test_health" time="0.038" /><testcase classname="tests.test_choke_point" name="test_every_route_naming_a_patient_scopes_to_it" time="0.007" /><testcase classname="tests.test_choke_point" name="test_no_route_reaches_a_record_without_the_choke_point" time="0.006" /><testcase classname="tests.test_choke_point" name="test_every_change_to_a_record_is_recorded" time="0.002" /><testcase classname="tests.test_choke_point" name="test_the_allowlist_has_no_stale_entries[DELETE-/api/review/aliases/{alias_id}]" time="0.000" /><testcase classname="tests.test_choke_point" name="test_the_allowlist_has_no_stale_entries[GET-/api/health]" time="0.000" /><testcase classname="tests.test_choke_point" name="test_the_allowlist_has_no_stale_entries[GET-/api/review/aliases]" time="0.000" /><testcase classname="tests.test_choke_point" name="test_the_allowlist_has_no_stale_entries[GET-/api/review/loinc/search]" time="0.000" /><testcase classname="tests.test_choke_point" name="test_the_allowlist_has_no_stale_entries[PATCH-/api/review/aliases/{alias_id}]" time="0.000" /><testcase classname="tests.test_choke_point" name="test_the_allowlist_has_no_stale_entries[POST-/api/patients]" time="0.000" /><testcase classname="tests.test_choke_point" name="test_the_allowlist_stays_small_enough_to_read" time="0.000" /><testcase classname="tests.test_derived" name="test_every_input_has_an_audited_unit_conversion" time="0.000" /><testcase classname="tests.test_derived" name="test_egfr_matches_the_published_equation[0.9-F-40]" time="0.000" /><testcase classname="tests.test_derived" name="test_egfr_matches_the_published_equation[1.1-M-40]" time="0.000" /><testcase classname="tests.test_derived" name="test_egfr_matches_the_published_equation[2.0-M-60]" time="0.000" /><testcase classname="tests.test_derived" name="test_egfr_matches_the_published_equation[0.6-F-25]" time="0.000" /><testcase classname="tests.test_derived" name="test_egfr_matches_the_published_equation[1.5-F-72]" time="0.000" /><testcase classname="tests.test_derived" name="test_egfr_matches_the_published_equation[0.7-M-18]" time="0.000" /><testcase classname="tests.test_derived" name="test_egfr_is_absent_without_demographics" time="0.000" /><testcase classname="tests.test_derived" name="test_egfr_refuses_a_creatinine_in_the_wrong_unit" time="0.000" /><testcase classname="tests.test_derived" name="test_egfr_falls_as_creatinine_rises" time="0.000" /><testcase classname="tests.test_derived" name="test_anion_gap" time="0.000" /><testcase classname="tests.test_derived" name="test_corrected_calcium_raises_a_low_albumin_result" time="0.000" /><testcase classname="tests.test_derived" name="test_non_hdl" time="0.000" /><testcase classname="tests.test_derived" name="test_transferrin_saturation" time="0.000" /><testcase classname="tests.test_derived" name="test_a_zero_tibc_does_not_divide_by_zero" time="0.000" /><testcase classname="tests.test_derived" name="test_a_missing_input_produces_nothing" time="0.000" /><testcase classname="tests.test_derived" name="test_inputs_from_different_draws_are_never_combined" time="0.000" /><testcase classname="tests.test_derived" name="test_rows_awaiting_review_are_not_used" time="0.000" /><testcase classname="tests.test_derived" name="test_a_row_without_a_date_cannot_participate" time="0.000" /><testcase classname="tests.test_derived" name="test_each_result_carries_its_formula_and_inputs" time="0.000" /><testcase classname="tests.test_derived" name="test_the_endpoint_says_why_an_egfr_is_missing" time="0.240" /><testcase classname="tests.test_derived" name="test_derived_values_need_access_like_everything_else" time="0.405" /><testcase classname="tests.test_documents" name="test_upload_requires_auth" time="0.037" /><testcase classname="tests.test_documents" name="test_upload_accepts_pdf_and_returns_202" time="0.220" /><testcase classname="tests.test_documents" name="test_non_pdf_rejected_by_magic_bytes" time="0.223" /><testcase classname="tests.test_documents" name="test_empty_file_rejected" time="0.239" /><testcase classname="tests.test_documents" name="test_oversized_file_rejected" time="0.275" /><testcase classname="tests.test_documents" name="test_reupload_is_deduped_by_sha256" time="0.251" /><testcase classname="tests.test_documents" name="test_pdf_bytes_are_encrypted_at_rest" time="0.238" /><testcase classname="tests.test_documents" name="test_worker_extracts_rows" time="0.559" /><testcase classname="tests.test_documents" name="test_reprocess_replaces_rows_instead_of_duplicating" time="0.809" /><testcase classname="tests.test_documents" name="test_extracted_text_is_encrypted_at_rest" time="0.572" /><testcase classname="tests.test_documents" name="test_another_user_cannot_read_document" time="0.426" /><testcase classname="tests.test_documents" name="test_file_download_returns_pdf" time="0.247" /><testcase classname="tests.test_documents" name="test_delete_cascades_to_observations" time="0.558" /><testcase classname="tests.test_documents" name="test_malformed_pdf_fails_gracefully" time="0.234" /><testcase classname="tests.test_documents" name="test_a_backlog_of_work_refuses_more" time="0.278" /><testcase classname="tests.test_documents" name="test_finishing_the_work_frees_the_queue_again" time="0.282" /><testcase classname="tests.test_documents" name="test_reprocess_is_bounded_too" time="0.282" /><testcase classname="tests.test_documents" name="test_an_account_cannot_fill_the_database" time="0.235" /><testcase classname="tests.test_documents" name="test_re_sending_a_file_already_held_is_not_refused_for_space" time="0.232" /><testcase classname="tests.test_documents" name="test_deleting_a_report_frees_the_space" time="0.290" /><testcase classname="tests.test_extract" name="test_column_order_does_not_change_the_parse" time="0.032" /><testcase classname="tests.test_extract" name="test_row_counts" time="0.000" /><testcase classname="tests.test_extract" name="test_units_and_ranges_land_in_the_right_fields" time="0.000" /><testcase classname="tests.test_extract" name="test_open_ended_reference_range" time="0.000" /><testcase classname="tests.test_extract" name="test_name_containing_digits_is_not_split" time="0.000" /><testcase classname="tests.test_extract" name="test_specimen_sections_scope_the_rows_beneath_them" time="0.000" /><testcase classname="tests.test_extract" name="test_same_name_in_two_specimens_stays_distinct" time="0.000" /><testcase classname="tests.test_extract" name="test_qualitative_values" time="0.000" /><testcase classname="tests.test_extract" name="test_collection_date_preferred_over_report_date" time="0.000" /><testcase classname="tests.test_extract" name="test_lab_name_detected" time="0.000" /><testcase classname="tests.test_extract" name="test_patient_identifiers_are_not_parsed_as_results" time="0.000" /><testcase classname="tests.test_extract" name="test_page_and_method" time="0.000" /><testcase classname="tests.test_extract" name="test_classify_tokens_is_order_independent" time="0.000" /><testcase classname="tests.test_extract" name="test_detect_specimen" time="0.000" /><testcase classname="tests.test_extract" name="test_parse_line_rejects_noise" time="0.000" /><testcase classname="tests.test_extract" name="test_extract_raises_typed_error_on_unreadable_bytes" time="0.000" /><testcase classname="tests.test_flags" name="test_every_critical_limit_uses_the_canonical_unit" time="0.000" /><testcase classname="tests.test_flags" name="test_every_delta_limit_has_a_unit_conversion" time="0.000" /><testcase classname="tests.test_flags" name="test_a_value_past_the_limit_is_critical[7.0-high]" time="0.000" /><testcase classname="tests.test_flags" name="test_a_value_past_the_limit_is_critical[6.5-high]" time="0.000" /><testcase classname="tests.test_flags" name="test_a_value_past_the_limit_is_critical[2.5-low]" time="0.000" /><testcase classname="tests.test_flags" name="test_a_value_past_the_limit_is_critical[1.9-low]" time="0.000" /><testcase classname="tests.test_flags" name="test_a_value_inside_the_limits_is_not[3.5]" time="0.000" /><testcase classname="tests.test_flags" name="test_a_value_inside_the_limits_is_not[4.0]" time="0.000" /><testcase classname="tests.test_flags" name="test_a_value_inside_the_limits_is_not[5.2]" time="0.000" /><testcase classname="tests.test_flags" name="test_a_value_inside_the_limits_is_not[6.4]" time="0.000" /><testcase classname="tests.test_flags" name="test_the_threshold_and_its_basis_travel_with_the_flag" time="0.000" /><testcase classname="tests.test_flags" name="test_a_mismatched_unit_never_produces_a_verdict" time="0.000" /><testcase classname="tests.test_flags" name="test_an_analyte_with_no_limit_is_not_assessed_rather_than_fine" time="0.000" /><testcase classname="tests.test_flags" name="test_one_sided_limits_only_fire_on_their_side" time="0.000" /><testcase classname="tests.test_flags" name="test_a_doubling_inside_the_reference_range_is_still_a_finding" time="0.000" /><testcase classname="tests.test_flags" name="test_a_fall_is_reported_as_a_fall" time="0.000" /><testcase classname="tests.test_flags" name="test_a_change_under_the_limit_is_not_reported" time="0.000" /><testcase classname="tests.test_flags" name="test_the_same_change_years_apart_is_not_a_delta" time="0.000" /><testcase classname="tests.test_flags" name="test_an_analyte_with_no_delta_limit_is_silent" time="0.000" /><testcase classname="tests.test_flags" name="test_a_zero_previous_value_does_not_divide_by_zero" time="0.000" /><testcase classname="tests.test_flags" name="test_points_out_of_order_are_refused_rather_than_guessed" time="0.000" /><testcase classname="tests.test_flags" name="test_panels_report_whether_the_analyte_was_assessed_at_all" time="0.542" /><testcase classname="tests.test_flags" name="test_a_series_carries_the_critical_check_per_point" time="0.567" /><testcase classname="tests.test_invites" name="test_owner_can_invite_an_address_with_no_account" time="0.227" /><testcase classname="tests.test_invites" name="test_accepting_an_invitation_grants_the_access" time="0.429" /><testcase classname="tests.test_invites" name="test_the_granted_role_is_the_invited_role" time="0.432" /><testcase classname="tests.test_invites" name="test_registering_the_invited_address_is_not_enough" time="0.412" /><testcase classname="tests.test_invites" name="test_the_link_alone_is_not_enough" time="0.428" /><testcase classname="tests.test_invites" name="test_a_forged_token_is_404" time="0.386" /><testcase classname="tests.test_invites" name="test_an_invitation_cannot_be_used_twice" time="0.440" /><testcase classname="tests.test_invites" name="test_an_expired_invitation_is_refused" time="0.408" /><testcase classname="tests.test_invites" name="test_the_token_is_not_stored_in_the_clear" time="0.238" /><testcase classname="tests.test_invites" name="test_the_link_is_never_returned_again" time="0.234" /><testcase classname="tests.test_invites" name="test_only_an_owner_can_invite" time="0.409" /><testcase classname="tests.test_invites" name="test_inviting_an_existing_account_says_to_grant_instead" time="0.411" /><testcase classname="tests.test_invites" name="test_re_inviting_replaces_the_outstanding_link" time="0.441" /><testcase classname="tests.test_invites" name="test_a_cancelled_invitation_cannot_be_accepted" time="0.434" /><testcase classname="tests.test_invites" name="test_an_invitation_on_another_record_is_404" time="0.434" /><testcase classname="tests.test_invites" name="test_accepting_is_recorded_against_the_patient" time="0.440" /><testcase classname="tests.test_mapping" name="test_normalize_strips_specimen_suffix" time="0.000" /><testcase classname="tests.test_mapping" name="test_normalize_keeps_digits_that_are_part_of_the_name" time="0.000" /><testcase classname="tests.test_mapping" name="test_specimen_separates_identically_named_tests" time="0.070" /><testcase classname="tests.test_mapping" name="test_exact_match_does_not_trust_related_names" time="0.024" /><testcase classname="tests.test_mapping" name="test_related_name_hits_always_require_review" time="0.028" /><testcase classname="tests.test_mapping" name="test_critical_analyte_never_auto_accepts_from_a_probabilistic_stage" time="0.000" /><testcase classname="tests.test_mapping" name="test_unmapped_rows_still_carry_candidates_for_review" time="0.036" /><testcase classname="tests.test_mapping" name="test_confirming_an_alias_makes_the_next_lookup_deterministic" time="0.029" /><testcase classname="tests.test_mapping" name="test_alias_lookup_is_specimen_aware" time="0.025" /><testcase classname="tests.test_mapping" name="test_llm_index_is_mapped_to_the_offered_code" time="0.001"><failure message="app.pipeline.llm.LLMUnavailableError: GEMINI_API_KEY not set">monkeypatch = &lt;_pytest.monkeypatch.MonkeyPatch object at 0x10d71e300&gt;

    async def test_llm_index_is_mapped_to_the_offered_code(monkeypatch):
        await _stub(monkeypatch, "0")
&gt;       code, _ = await llm.adjudicate("HDL", "mg/dL", "SERUM", CANDIDATES)

tests/test_mapping.py:134: 
_ _ _ _ _ _ _ _ _ _ _ _ _ _ _ _ _ _ _ _ _ _ _ _ _ _ _ _ _ _ _ _ _ _ _ _ _ _ _ _ 

name = 'HDL', unit = 'mg/dL', specimen = 'SERUM'
candidates = [Candidate(loinc_code='2085-9', display='Cholesterol in HDL', score=90.0, common_rank=63, system='Ser/Plas', property=...2093-3', display='Cholesterol', score=88.0, common_rank=12, system='Ser/Plas', property='MCnc', raw_score=0.0, why='')]
model = None, timeout = 30.0

    async def adjudicate(
        name: str,
        unit: str | None,
        specimen: str | None,
        candidates: list,           # list[Candidate] from mapping.py
        model: str | None = None,
        timeout: float = 30.0,  # noqa: ASYNC109 - passed to httpx, not an asyncio timeout
    ) -&gt; tuple[str | None, str]:
        """-&gt; (chosen loinc_code or None, model_used)."""
        if not settings.gemini_api_key:
&gt;           raise LLMUnavailableError("GEMINI_API_KEY not set")
E           app.pipeline.llm.LLMUnavailableError: GEMINI_API_KEY not set

app/pipeline/llm.py:62: LLMUnavailableError</failure></testcase><testcase classname="tests.test_mapping" name="test_llm_cannot_return_a_code_it_was_not_offered" time="0.000"><failure message="app.pipeline.llm.LLMUnavailableError: GEMINI_API_KEY not set">monkeypatch = &lt;_pytest.monkeypatch.MonkeyPatch object at 0x10d3961e0&gt;

    async def test_llm_cannot_return_a_code_it_was_not_offered(monkeypatch):
        """The core safety property. Even if the model emits a real LOINC code, it
        is not an index into the offered list, so it is discarded."""
        await _stub(monkeypatch, "2951-2")   # a genuine code, never offered
&gt;       code, _ = await llm.adjudicate("HDL", "mg/dL", "SERUM", CANDIDATES)

tests/test_mapping.py:142: 
_ _ _ _ _ _ _ _ _ _ _ _ _ _ _ _ _ _ _ _ _ _ _ _ _ _ _ _ _ _ _ _ _ _ _ _ _ _ _ _ 

name = 'HDL', unit = 'mg/dL', specimen = 'SERUM'
candidates = [Candidate(loinc_code='2085-9', display='Cholesterol in HDL', score=90.0, common_rank=63, system='Ser/Plas', property=...2093-3', display='Cholesterol', score=88.0, common_rank=12, system='Ser/Plas', property='MCnc', raw_score=0.0, why='')]
model = None, timeout = 30.0

    async def adjudicate(
        name: str,
        unit: str | None,
        specimen: str | None,
        candidates: list,           # list[Candidate] from mapping.py
        model: str | None = None,
        timeout: float = 30.0,  # noqa: ASYNC109 - passed to httpx, not an asyncio timeout
    ) -&gt; tuple[str | None, str]:
        """-&gt; (chosen loinc_code or None, model_used)."""
        if not settings.gemini_api_key:
&gt;           raise LLMUnavailableError("GEMINI_API_KEY not set")
E           app.pipeline.llm.LLMUnavailableError: GEMINI_API_KEY not set

app/pipeline/llm.py:62: LLMUnavailableError</failure></testcase><testcase classname="tests.test_mapping" name="test_llm_out_of_range_index_is_rejected" time="0.000"><failure message="app.pipeline.llm.LLMUnavailableError: GEMINI_API_KEY not set">monkeypatch = &lt;_pytest.monkeypatch.MonkeyPatch object at 0x10d397650&gt;

    async def test_llm_out_of_range_index_is_rejected(monkeypatch):
        await _stub(monkeypatch, "7")
&gt;       code, _ = await llm.adjudicate("HDL", "mg/dL", "SERUM", CANDIDATES)

tests/test_mapping.py:148: 
_ _ _ _ _ _ _ _ _ _ _ _ _ _ _ _ _ _ _ _ _ _ _ _ _ _ _ _ _ _ _ _ _ _ _ _ _ _ _ _ 

name = 'HDL', unit = 'mg/dL', specimen = 'SERUM'
candidates = [Candidate(loinc_code='2085-9', display='Cholesterol in HDL', score=90.0, common_rank=63, system='Ser/Plas', property=...2093-3', display='Cholesterol', score=88.0, common_rank=12, system='Ser/Plas', property='MCnc', raw_score=0.0, why='')]
model = None, timeout = 30.0

    async def adjudicate(
        name: str,
        unit: str | None,
        specimen: str | None,
        candidates: list,           # list[Candidate] from mapping.py
        model: str | None = None,
        timeout: float = 30.0,  # noqa: ASYNC109 - passed to httpx, not an asyncio timeout
    ) -&gt; tuple[str | None, str]:
        """-&gt; (chosen loinc_code or None, model_used)."""
        if not settings.gemini_api_key:
&gt;           raise LLMUnavailableError("GEMINI_API_KEY not set")
E           app.pipeline.llm.LLMUnavailableError: GEMINI_API_KEY not set

app/pipeline/llm.py:62: LLMUnavailableError</failure></testcase><testcase classname="tests.test_mapping" name="test_llm_none_is_honoured" time="0.000"><failure message="app.pipeline.llm.LLMUnavailableError: GEMINI_API_KEY not set">monkeypatch = &lt;_pytest.monkeypatch.MonkeyPatch object at 0x10d396e70&gt;

    async def test_llm_none_is_honoured(monkeypatch):
        await _stub(monkeypatch, "NONE")
&gt;       code, _ = await llm.adjudicate("HDL", "mg/dL", "SERUM", CANDIDATES)

tests/test_mapping.py:154: 
_ _ _ _ _ _ _ _ _ _ _ _ _ _ _ _ _ _ _ _ _ _ _ _ _ _ _ _ _ _ _ _ _ _ _ _ _ _ _ _ 

name = 'HDL', unit = 'mg/dL', specimen = 'SERUM'
candidates = [Candidate(loinc_code='2085-9', display='Cholesterol in HDL', score=90.0, common_rank=63, system='Ser/Plas', property=...2093-3', display='Cholesterol', score=88.0, common_rank=12, system='Ser/Plas', property='MCnc', raw_score=0.0, why='')]
model = None, timeout = 30.0

    async def adjudicate(
        name: str,
        unit: str | None,
        specimen: str | None,
        candidates: list,           # list[Candidate] from mapping.py
        model: str | None = None,
        timeout: float = 30.0,  # noqa: ASYNC109 - passed to httpx, not an asyncio timeout
    ) -&gt; tuple[str | None, str]:
        """-&gt; (chosen loinc_code or None, model_used)."""
        if not settings.gemini_api_key:
&gt;           raise LLMUnavailableError("GEMINI_API_KEY not set")
E           app.pipeline.llm.LLMUnavailableError: GEMINI_API_KEY not set

app/pipeline/llm.py:62: LLMUnavailableError</failure></testcase><testcase classname="tests.test_mapping" name="test_llm_prose_reply_does_not_smuggle_a_code" time="0.000"><failure message="app.pipeline.llm.LLMUnavailableError: GEMINI_API_KEY not set">monkeypatch = &lt;_pytest.monkeypatch.MonkeyPatch object at 0x10d3a0290&gt;

    async def test_llm_prose_reply_does_not_smuggle_a_code(monkeypatch):
        await _stub(monkeypatch, "The answer is LOINC 2951-2 for sodium")
&gt;       code, _ = await llm.adjudicate("HDL", "mg/dL", "SERUM", CANDIDATES)

tests/test_mapping.py:160: 
_ _ _ _ _ _ _ _ _ _ _ _ _ _ _ _ _ _ _ _ _ _ _ _ _ _ _ _ _ _ _ _ _ _ _ _ _ _ _ _ 

name = 'HDL', unit = 'mg/dL', specimen = 'SERUM'
candidates = [Candidate(loinc_code='2085-9', display='Cholesterol in HDL', score=90.0, common_rank=63, system='Ser/Plas', property=...2093-3', display='Cholesterol', score=88.0, common_rank=12, system='Ser/Plas', property='MCnc', raw_score=0.0, why='')]
model = None, timeout = 30.0

    async def adjudicate(
        name: str,
        unit: str | None,
        specimen: str | None,
        candidates: list,           # list[Candidate] from mapping.py
        model: str | None = None,
        timeout: float = 30.0,  # noqa: ASYNC109 - passed to httpx, not an asyncio timeout
    ) -&gt; tuple[str | None, str]:
        """-&gt; (chosen loinc_code or None, model_used)."""
        if not settings.gemini_api_key:
&gt;           raise LLMUnavailableError("GEMINI_API_KEY not set")
E           app.pipeline.llm.LLMUnavailableError: GEMINI_API_KEY not set

app/pipeline/llm.py:62: LLMUnavailableError</failure></testcase><testcase classname="tests.test_mapping" name="test_llm_prompt_never_contains_the_measured_value" time="0.000"><failure message="app.pipeline.llm.LLMUnavailableError: GEMINI_API_KEY not set">monkeypatch = &lt;_pytest.monkeypatch.MonkeyPatch object at 0x10d3a3170&gt;

    async def test_llm_prompt_never_contains_the_measured_value(monkeypatch):
        """De-identification: name, unit and specimen go to Google. Never the
        patient, the date, or the result value."""
        sent = {}
    
        class R:
            status_code = 200
            def json(self): return {"candidates": [{"content": {"parts": [{"text": "0"}]}}]}
    
        class C:
            async def __aenter__(self): return self
            async def __aexit__(self, *a): return False
            async def post(self, *a, **k):
                sent["body"] = k["json"]["contents"][0]["parts"][0]["text"]
                return R()
    
        monkeypatch.setattr(llm.httpx, "AsyncClient", lambda **k: C())
&gt;       await llm.adjudicate("FERRITIN", "ng/mL", "SERUM", CANDIDATES)

tests/test_mapping.py:182: 
_ _ _ _ _ _ _ _ _ _ _ _ _ _ _ _ _ _ _ _ _ _ _ _ _ _ _ _ _ _ _ _ _ _ _ _ _ _ _ _ 

name = 'FERRITIN', unit = 'ng/mL', specimen = 'SERUM'
candidates = [Candidate(loinc_code='2085-9', display='Cholesterol in HDL', score=90.0, common_rank=63, system='Ser/Plas', property=...2093-3', display='Cholesterol', score=88.0, common_rank=12, system='Ser/Plas', property='MCnc', raw_score=0.0, why='')]
model = None, timeout = 30.0

    async def adjudicate(
        name: str,
        unit: str | None,
        specimen: str | None,
        candidates: list,           # list[Candidate] from mapping.py
        model: str | None = None,
        timeout: float = 30.0,  # noqa: ASYNC109 - passed to httpx, not an asyncio timeout
    ) -&gt; tuple[str | None, str]:
        """-&gt; (chosen loinc_code or None, model_used)."""
        if not settings.gemini_api_key:
&gt;           raise LLMUnavailableError("GEMINI_API_KEY not set")
E           app.pipeline.llm.LLMUnavailableError: GEMINI_API_KEY not set

app/pipeline/llm.py:62: LLMUnavailableError</failure></testcase><testcase classname="tests.test_mapping" name="test_llm_unavailable_when_no_key" time="0.000" /><testcase classname="tests.test_mfa" name="test_setup_offers_a_qr_and_the_key_for_the_same_secret" time="0.258" /><testcase classname="tests.test_mfa" name="test_enabling_issues_recovery_codes_once" time="0.242" /><testcase classname="tests.test_mfa" name="test_a_recovery_code_signs_you_in_and_is_then_spent" time="0.769" /><testcase classname="tests.test_mfa" name="test_recovery_codes_are_hashed_at_rest" time="0.242" /><testcase classname="tests.test_mfa" name="test_recovery_codes_are_accepted_however_they_are_typed" time="0.400" /><testcase classname="tests.test_mfa" name="test_reissuing_replaces_the_old_codes" time="0.600" /><testcase classname="tests.test_mfa" name="test_reissuing_needs_a_current_code" time="0.233" /><testcase classname="tests.test_mfa" name="test_turning_mfa_off_destroys_the_recovery_codes" time="0.415" /><testcase classname="tests.test_mfa" name="test_take_recovery_code_consumes_exactly_one" time="0.000" /><testcase classname="tests.test_mfa" name="test_the_clock_starts_at_first_access_not_at_the_grant" time="0.419" /><testcase classname="tests.test_mfa" name="test_inside_the_grace_period_access_continues" time="0.428" /><testcase classname="tests.test_mfa" name="test_past_the_grace_period_a_shared_record_is_refused" time="0.428" /><testcase classname="tests.test_mfa" name="test_being_locked_out_never_blocks_the_screen_that_fixes_it" time="0.617" /><testcase classname="tests.test_mfa" name="test_enrolling_restores_access_immediately" time="0.448" /><testcase classname="tests.test_mfa" name="test_your_own_record_is_never_gated" time="0.236" /><testcase classname="tests.test_mfa" name="test_the_deadline_is_reported_before_it_bites" time="0.433" /><testcase classname="tests.test_mfa" name="test_a_recovery_code_turns_mfa_off" time="0.232" /><testcase classname="tests.test_mfa" name="test_a_recovery_code_mints_a_fresh_set" time="0.216" /><testcase classname="tests.test_mfa" name="test_a_spent_recovery_code_does_not_work_twice" time="0.403" /><testcase classname="tests.test_mfa" name="test_a_wrong_code_still_fails_both_ways" time="0.241" /><testcase classname="tests.test_mfa" name="test_an_admin_clears_an_enrolment_and_ends_their_sessions" time="0.417" /><testcase classname="tests.test_mfa" name="test_a_plain_account_cannot_reset_anyone" time="0.398" /><testcase classname="tests.test_mfa" name="test_an_admin_cannot_reset_their_own" time="0.227" /><testcase classname="tests.test_mfa" name="test_the_grace_clock_survives_an_admin_reset" time="0.419" /><testcase classname="tests.test_panel_trends" name="test_a_panel_returns_every_analyte_it_holds" time="0.579" /><testcase classname="tests.test_panel_trends" name="test_an_analyte_with_nothing_chartable_is_still_returned" time="0.541" /><testcase classname="tests.test_panel_trends" name="test_the_time_axis_spans_every_track" time="0.559" /><testcase classname="tests.test_panel_trends" name="test_a_panel_agrees_with_the_single_analyte_chart" time="0.564" /><testcase classname="tests.test_panel_trends" name="test_a_pending_row_is_charted_by_neither" time="0.558" /><testcase classname="tests.test_panel_trends" name="test_an_unknown_panel_is_404_not_an_empty_chart" time="0.218" /><testcase classname="tests.test_panel_trends" name="test_panel_trends_needs_a_grant" time="0.770" /><testcase classname="tests.test_panels" name="test_every_mapped_code_is_one_the_pipeline_actually_produces" time="0.000" /><testcase classname="tests.test_panels" name="test_the_unitless_escape_hatch_is_not_a_dumping_ground" time="0.000" /><testcase classname="tests.test_panels" name="test_membership_is_one_to_one" time="0.000" /><testcase classname="tests.test_panels" name="test_unmapped_and_missing_codes_fall_to_the_catch_all" time="0.000" /><testcase classname="tests.test_panels" name="test_the_headings_a_reader_would_check_first" time="0.000" /><testcase classname="tests.test_panels" name="test_every_panel_carries_a_label" time="0.000" /><testcase classname="tests.test_password_reset" name="test_a_reset_link_is_sent" time="0.233" /><testcase classname="tests.test_password_reset" name="test_an_unknown_address_answers_identically" time="0.228" /><testcase classname="tests.test_password_reset" name="test_a_google_only_account_can_add_a_password" time="0.580" /><testcase classname="tests.test_password_reset" name="test_the_token_is_hashed_at_rest" time="0.220" /><testcase classname="tests.test_password_reset" name="test_asking_again_replaces_the_previous_link" time="0.396" /><testcase classname="tests.test_password_reset" name="test_the_link_sets_the_password" time="0.932" /><testcase classname="tests.test_password_reset" name="test_using_it_ends_every_session" time="0.405" /><testcase classname="tests.test_password_reset" name="test_a_link_is_good_once" time="0.401" /><testcase classname="tests.test_password_reset" name="test_an_expired_link_is_refused" time="0.223" /><testcase classname="tests.test_password_reset" name="test_expired_spent_and_forged_answer_alike" time="0.416" /><testcase classname="tests.test_password_reset" name="test_a_short_password_is_refused" time="0.221" /><testcase classname="tests.test_password_reset" name="test_the_second_factor_survives_a_reset" time="0.606" /><testcase classname="tests.test_reference_config" name="test_no_path_means_the_shipped_tables" time="0.000" /><testcase classname="tests.test_reference_config" name="test_a_configured_interval_replaces_the_shipped_one" time="0.003" /><testcase classname="tests.test_reference_config" name="test_the_basis_names_who_approved_it" time="0.000" /><testcase classname="tests.test_reference_config" name="test_a_limit_in_the_wrong_unit_refuses_to_boot" time="0.000" /><testcase classname="tests.test_reference_config" name="test_an_unknown_loinc_refuses_to_boot" time="0.001" /><testcase classname="tests.test_reference_config" name="test_inverted_bounds_refuse_to_boot" time="0.000" /><testcase classname="tests.test_reference_config" name="test_a_limit_with_no_bounds_at_all_refuses_to_boot" time="0.000" /><testcase classname="tests.test_reference_config" name="test_a_one_sided_limit_is_allowed" time="0.000" /><testcase classname="tests.test_reference_config" name="test_provenance_is_required[approved_by]" time="0.000" /><testcase classname="tests.test_reference_config" name="test_provenance_is_required[approved_on]" time="0.000" /><testcase classname="tests.test_reference_config" name="test_provenance_is_required[population]" time="0.000" /><testcase classname="tests.test_reference_config" name="test_a_missing_file_refuses_to_boot" time="0.000" /><testcase classname="tests.test_reference_config" name="test_malformed_json_refuses_to_boot" time="0.000" /><testcase classname="tests.test_reference_config" name="test_the_example_config_loads" time="0.001" /><testcase classname="tests.test_retention" name="test_disposal_is_off_unless_asked_for" time="0.242" /><testcase classname="tests.test_retention" name="test_the_results_survive_the_document_they_came_from" time="0.569" /><testcase classname="tests.test_retention" name="test_a_document_inside_its_retention_is_left_alone" time="0.228" /><testcase classname="tests.test_retention" name="test_purging_twice_disposes_of_nothing_the_second_time" time="0.236" /><testcase classname="tests.test_retention" name="test_downloading_a_disposed_file_is_410_not_404" time="0.260" /><testcase classname="tests.test_retention" name="test_reprocessing_a_disposed_document_is_refused" time="0.244" /><testcase classname="tests.test_retention" name="test_disposal_gives_the_account_its_quota_back" time="0.240" /><testcase classname="tests.test_review" name="test_queue_lists_pending_rows_with_candidates" time="0.633" /><testcase classname="tests.test_review" name="test_queue_is_scoped_to_patients_you_can_reach" time="0.832" /><testcase classname="tests.test_review" name="test_current_proposal_is_always_offered_as_a_candidate" time="0.628" /><testcase classname="tests.test_review" name="test_confirming_writes_an_alias_and_next_time_is_stage_zero" time="0.946" /><testcase classname="tests.test_review" name="test_confirming_recomputes_units_and_ranges" time="0.635" /><testcase classname="tests.test_review" name="test_confirming_the_last_row_flips_the_document_to_done" time="0.951" /><testcase classname="tests.test_review" name="test_alias_is_scoped_to_the_confirming_user" time="0.623" /><testcase classname="tests.test_review" name="test_remember_false_confirms_without_writing_an_alias" time="0.641" /><testcase classname="tests.test_review" name="test_rejecting_clears_the_proposed_code" time="0.630" /><testcase classname="tests.test_review" name="test_confirming_an_unknown_loinc_code_is_rejected" time="0.575" /><testcase classname="tests.test_review" name="test_cannot_confirm_another_users_observation" time="0.851" /><testcase classname="tests.test_review" name="test_search_finds_codes_by_name" time="0.758" /><testcase classname="tests.test_review" name="test_search_reaches_codes_the_cascade_would_never_auto_match" time="0.712" /><testcase classname="tests.test_review" name="test_search_requires_auth" time="0.031" /><testcase classname="tests.test_review" name="test_search_matches_partial_words" time="0.789" /><testcase classname="tests.test_review" name="test_every_word_typed_narrows_the_search" time="0.631" /><testcase classname="tests.test_review" name="test_search_ranks_by_how_commonly_a_test_is_ordered" time="0.750" /><testcase classname="tests.test_review" name="test_queue_items_carry_the_panel_they_are_reviewed_under" time="0.650" /><testcase classname="tests.test_review" name="test_an_unproposed_row_is_not_filed_as_other" time="0.612" /><testcase classname="tests.test_sessions" name="test_two_devices_stay_signed_in" time="0.408" /><testcase classname="tests.test_sessions" name="test_sessions_are_labelled_by_device" time="0.402" /><testcase classname="tests.test_sessions" name="test_device_label[Mozilla/5.0 (iPhone; CPU iPhone OS 17_0) Safari/605-Safari on iPhone]" time="0.000" /><testcase classname="tests.test_sessions" name="test_device_label[Mozilla/5.0 (Windows NT 10.0) Firefox/121.0-Firefox on Windows]" time="0.000" /><testcase classname="tests.test_sessions" name="test_device_label[Mozilla/5.0 (Windows NT 10.0) Chrome/120 Safari/537 Edg/120-Edge on Windows]" time="0.000" /><testcase classname="tests.test_sessions" name="test_device_label[-Unknown device]" time="0.000" /><testcase classname="tests.test_sessions" name="test_signing_in_again_on_the_same_device_reuses_its_session" time="0.961" /><testcase classname="tests.test_sessions" name="test_a_second_account_on_one_browser_gets_its_own_session" time="0.602" /><testcase classname="tests.test_sessions" name="test_refresh_rotates_the_secret_but_not_the_session" time="0.235" /><testcase classname="tests.test_sessions" name="test_revoking_a_session_ends_a_live_token" time="0.413" /><testcase classname="tests.test_sessions" name="test_revoke_all_ends_every_session_including_this_one" time="0.403" /><testcase classname="tests.test_sessions" name="test_logout_ends_only_this_device" time="0.410" /><testcase classname="tests.test_sessions" name="test_another_accounts_session_is_404_not_403" time="0.404" /><testcase classname="tests.test_sessions" name="test_a_token_without_a_session_is_refused" time="0.219" /><testcase classname="tests.test_sessions" name="test_an_idle_session_times_out" time="0.238" /><testcase classname="tests.test_sessions" name="test_refresh_cannot_walk_around_the_idle_timeout" time="0.234" /><testcase classname="tests.test_sessions" name="test_activity_keeps_a_session_alive" time="0.225" /><testcase classname="tests.test_sessions" name="test_an_expired_grant_loses_reach" time="0.426" /><testcase classname="tests.test_sessions" name="test_an_expiry_in_the_past_is_rejected" time="0.404" /><testcase classname="tests.test_sessions" name="test_a_grant_with_no_expiry_is_open_ended" time="0.418" /><testcase classname="tests.test_sessions" name="test_totp_matches_the_rfc_6238_vector" time="0.000" /><testcase classname="tests.test_sessions" name="test_totp_tolerates_clock_drift_but_not_a_wrong_code" time="0.000" /><testcase classname="tests.test_sessions" name="test_mfa_gates_the_next_sign_in" time="0.774" /><testcase classname="tests.test_sessions" name="test_mfa_is_inert_until_a_code_is_verified" time="0.405" /><testcase classname="tests.test_sessions" name="test_a_wrong_password_never_reveals_that_mfa_is_on" time="0.409" /><testcase classname="tests.test_sessions" name="test_disabling_mfa_needs_a_current_code" time="0.420" /><testcase classname="tests.test_sessions" name="test_the_totp_secret_is_encrypted_at_rest" time="0.234" /><testcase classname="tests.test_sessions" name="test_mfa_is_recommended_once_an_account_reaches_another_record" time="0.432" /><testcase classname="tests.test_sessions" name="test_an_abandoned_session_does_not_haunt_the_list" time="0.423" /><testcase classname="tests.test_sessions" name="test_two_tabs_refreshing_at_once_is_not_treated_as_theft" time="0.239" /><testcase classname="tests.test_sessions" name="test_the_same_token_much_later_is_still_treated_as_theft" time="0.233" /><testcase classname="tests.test_throttle" name="test_guessing_the_code_that_turns_mfa_off_is_cut_off" time="0.278" /><testcase classname="tests.test_throttle" name="test_the_lockout_holds_even_for_the_correct_code" time="0.261" /><testcase classname="tests.test_throttle" name="test_the_lockout_expires" time="0.261" /><testcase classname="tests.test_throttle" name="test_a_correct_code_clears_the_count" time="0.265" /><testcase classname="tests.test_throttle" name="test_every_code_checking_route_is_throttled[/api/auth/mfa/disable]" time="0.262" /><testcase classname="tests.test_throttle" name="test_every_code_checking_route_is_throttled[/api/auth/mfa/recovery]" time="0.251" /><testcase classname="tests.test_throttle" name="test_enrolment_is_throttled_too" time="0.246" /><testcase classname="tests.test_throttle" name="test_signing_in_shares_the_same_budget" time="1.301" /><testcase classname="tests.test_throttle" name="test_a_wrong_password_never_locks_the_account" time="2.888" /><testcase classname="tests.test_units" name="test_unknown_unit_never_guesses" time="0.000" /><testcase classname="tests.test_units" name="test_unknown_analyte_never_guesses" time="0.000" /><testcase classname="tests.test_units" name="test_missing_value_or_code_is_not_converted" time="0.000" /><testcase classname="tests.test_units" name="test_same_unit_roundtrips_unchanged" time="0.000" /><testcase classname="tests.test_units" name="test_creatinine_molar_to_mass" time="0.000" /><testcase classname="tests.test_units" name="test_cholesterol_molar_to_mass" time="0.000" /><testcase classname="tests.test_units" name="test_hemoglobin_g_per_litre_to_g_per_decilitre" time="0.000" /><testcase classname="tests.test_units" name="test_enzyme_iu_and_u_are_the_same_unit" time="0.000" /><testcase classname="tests.test_units" name="test_micro_sign_and_greek_mu_normalise_together" time="0.000" /><testcase classname="tests.test_units" name="test_two_labs_two_units_become_one_series" time="0.000" /><testcase classname="tests.test_units" name="test_plain_numeric" time="0.000" /><testcase classname="tests.test_units" name="test_censored_values_keep_their_operator" time="0.000" /><testcase classname="tests.test_units" name="test_qualitative_values_are_text_not_numbers" time="0.000" /><testcase classname="tests.test_units" name="test_parse_printed_range_shapes" time="0.000" /><testcase classname="tests.test_units" name="test_printed_range_beats_the_builtin_table" time="0.000" /><testcase classname="tests.test_units" name="test_builtin_is_used_only_when_nothing_is_printed" time="0.000" /><testcase classname="tests.test_units" name="test_builtin_is_sex_specific" time="0.000" /><testcase classname="tests.test_units" name="test_no_range_is_reported_as_none_not_invented" time="0.000" /><testcase classname="tests.test_units" name="test_age_calculation" time="0.000" /><testcase classname="tests.test_units" name="test_flag_from_range" time="0.000" /><testcase classname="tests.test_units" name="test_open_ended_range_only_flags_the_bound_it_has" time="0.000" /><testcase classname="tests.test_units" name="test_printed_flag_overrides_numeric_comparison" time="0.000" /><testcase classname="tests.test_units" name="test_unknown_when_there_is_nothing_to_compare_against" time="0.000" /><testcase classname="tests.test_units" name="test_a_builtin_range_is_compared_against_the_converted_value" time="0.000" /><testcase classname="tests.test_units" name="test_a_printed_range_is_compared_against_the_printed_value" time="0.000" /><testcase classname="tests.test_units" name="test_a_builtin_range_is_not_applied_without_a_conversion" time="0.000" /><testcase classname="tests.test_units" name="test_the_labs_own_flag_still_wins_either_way" time="0.000" /></testsuite></testsuites>